Using DD_SITE from environment: datadoghq.com
Running: git rev-parse --short HEAD
Running: git status --porcelain
Version tag: efd59289-dirty
Running: az account show --query id -o tsv
Using subscription: 34464906-34fe-401e-a420-79bd0ce2a1da
Running: az account set --subscription 34464906-34fe-401e-a420-79bd0ce2a1da
Resource names:
  Resource Group: lfomattspurlinvmrg
  Storage Account: lfomattspurlinvmstorage
  VM: lfomattspurlinvm
Resource group lfomattspurlinvmrg already exists
Storage account lfomattspurlinvmstorage already exists
Creating virtual network: lfomattspurlinvm-vnet
Creating subnet: default
Creating network security group: lfomattspurlinvm-nsg
Creating public IP: lfomattspurlinvm-ip
Creating network interface: lfomattspurlinvm-nic
Creating VM: lfomattspurlinvm
VM lfomattspurlinvm created successfully
Storage Account Resource ID: /subscriptions/34464906-34fe-401e-a420-79bd0ce2a1da/resourceGroups/lfomattspurlinvmrg/providers/Microsoft.Storage/storageAccounts/lfomattspurlinvmstorage
VM Resource ID: /subscriptions/34464906-34fe-401e-a420-79bd0ce2a1da/resourceGroups/lfomattspurlinvmrg/providers/Microsoft.Compute/virtualMachines/lfomattspurlinvm
VM public IP: 20.163.242.245
Building forwarder binary with version: efd59289-dirty
Running: go build -ldflags -s -w -X main.version=efd59289-dirty -o forwarder-linux-amd64-efd59289-dirty cmd/forwarder/forwarder.go
go: inconsistent vendoring in /Users/matt.spurlin/go/src/github.com/DataDog/azure-log-forwarding-orchestration/forwarder:
	github.com/stretchr/testify@v1.10.0: is explicitly required in go.mod, but not marked as explicit in vendor/modules.txt
	go.uber.org/mock@v0.5.0: is explicitly required in go.mod, but not marked as explicit in vendor/modules.txt
	github.com/ebitengine/purego@v0.8.2: is explicitly required in go.mod, but not marked as explicit in vendor/modules.txt
	github.com/go-logr/logr@v1.4.2: is explicitly required in go.mod, but not marked as explicit in vendor/modules.txt
	github.com/go-ole/go-ole@v1.2.6: is explicitly required in go.mod, but not marked as explicit in vendor/modules.txt
	github.com/klauspost/compress@v1.17.4: is explicitly required in go.mod, but not marked as explicit in vendor/modules.txt
	github.com/lufia/plan9stats@v0.0.0-20211012122336-39d0f177ccd0: is explicitly required in go.mod, but not marked as explicit in vendor/modules.txt
	github.com/power-devops/perfstat@v0.0.0-20210106213030-5aafc221ea8c: is explicitly required in go.mod, but not marked as explicit in vendor/modules.txt
	github.com/shirou/gopsutil/v4@v4.25.1: is explicitly required in go.mod, but not marked as explicit in vendor/modules.txt
	github.com/tklauser/go-sysconf@v0.3.12: is explicitly required in go.mod, but not marked as explicit in vendor/modules.txt
	github.com/tklauser/numcpus@v0.6.1: is explicitly required in go.mod, but not marked as explicit in vendor/modules.txt
	go.opentelemetry.io/contrib/instrumentation/net/http/otelhttp@v0.49.0: is explicitly required in go.mod, but not marked as explicit in vendor/modules.txt
	go.opentelemetry.io/otel@v1.35.0: is explicitly required in go.mod, but not marked as explicit in vendor/modules.txt
	go.opentelemetry.io/otel/metric@v1.35.0: is explicitly required in go.mod, but not marked as explicit in vendor/modules.txt
	go.opentelemetry.io/otel/sdk@v1.35.0: is explicitly required in go.mod, but not marked as explicit in vendor/modules.txt
	go.opentelemetry.io/otel/trace@v1.35.0: is explicitly required in go.mod, but not marked as explicit in vendor/modules.txt
	go.opentelemetry.io/proto/otlp@v1.5.0: is explicitly required in go.mod, but not marked as explicit in vendor/modules.txt
	golang.org/x/oauth2@v0.28.0: is explicitly required in go.mod, but not marked as explicit in vendor/modules.txt
	google.golang.org/genproto/googleapis/rpc@v0.0.0-20250414145226-207652e42e2e: is explicitly required in go.mod, but not marked as explicit in vendor/modules.txt
	google.golang.org/protobuf@v1.36.6: is explicitly required in go.mod, but not marked as explicit in vendor/modules.txt
	github.com/DataDog/datadog-agent/comp/core/tagger/origindetection@v0.71.0: is marked as explicit in vendor/modules.txt, but not explicitly required in go.mod
	github.com/DataDog/datadog-agent/pkg/obfuscate@v0.71.0: is marked as explicit in vendor/modules.txt, but not explicitly required in go.mod
	github.com/DataDog/datadog-agent/pkg/opentelemetry-mapping-go/otlp/attributes@v0.71.0: is marked as explicit in vendor/modules.txt, but not explicitly required in go.mod
	github.com/DataDog/datadog-agent/pkg/proto@v0.71.0: is marked as explicit in vendor/modules.txt, but not explicitly required in go.mod
	github.com/DataDog/datadog-agent/pkg/remoteconfig/state@v0.73.0-rc.1: is marked as explicit in vendor/modules.txt, but not explicitly required in go.mod
	github.com/DataDog/datadog-agent/pkg/trace@v0.71.0: is marked as explicit in vendor/modules.txt, but not explicitly required in go.mod
	github.com/DataDog/datadog-agent/pkg/util/log@v0.71.0: is marked as explicit in vendor/modules.txt, but not explicitly required in go.mod
	github.com/DataDog/datadog-agent/pkg/util/scrubber@v0.71.0: is marked as explicit in vendor/modules.txt, but not explicitly required in go.mod
	github.com/DataDog/datadog-agent/pkg/version@v0.71.0: is marked as explicit in vendor/modules.txt, but not explicitly required in go.mod
	github.com/DataDog/datadog-go/v5@v5.6.0: is marked as explicit in vendor/modules.txt, but not explicitly required in go.mod
	github.com/DataDog/dd-trace-go/v2@v2.6.0: is marked as explicit in vendor/modules.txt, but not explicitly required in go.mod
	github.com/DataDog/go-libddwaf/v4@v4.8.0: is marked as explicit in vendor/modules.txt, but not explicitly required in go.mod
	github.com/DataDog/go-runtime-metrics-internal@v0.0.4-0.20250721125240-fdf1ef85b633: is marked as explicit in vendor/modules.txt, but not explicitly required in go.mod
	github.com/DataDog/go-sqllexer@v0.1.8: is marked as explicit in vendor/modules.txt, but not explicitly required in go.mod
	github.com/DataDog/go-tuf@v1.1.1-0.5.2: is marked as explicit in vendor/modules.txt, but not explicitly required in go.mod
	github.com/DataDog/gostackparse@v0.7.0: is marked as explicit in vendor/modules.txt, but not explicitly required in go.mod
	github.com/DataDog/sketches-go@v1.4.7: is marked as explicit in vendor/modules.txt, but not explicitly required in go.mod
	github.com/cenkalti/backoff/v5@v5.0.3: is marked as explicit in vendor/modules.txt, but not explicitly required in go.mod
	github.com/cespare/xxhash/v2@v2.3.0: is marked as explicit in vendor/modules.txt, but not explicitly required in go.mod
	github.com/cihub/seelog@v0.0.0-20170130134532-f561c5e57575: is marked as explicit in vendor/modules.txt, but not explicitly required in go.mod
	github.com/dustin/go-humanize@v1.0.1: is marked as explicit in vendor/modules.txt, but not explicitly required in go.mod
	github.com/ebitengine/purego@v0.8.4: is marked as explicit in vendor/modules.txt, but not explicitly required in go.mod
	github.com/go-logr/logr@v1.4.3: is marked as explicit in vendor/modules.txt, but not explicitly required in go.mod
	github.com/go-ole/go-ole@v1.3.0: is marked as explicit in vendor/modules.txt, but not explicitly required in go.mod
	github.com/golang/protobuf@v1.5.4: is marked as explicit in vendor/modules.txt, but not explicitly required in go.mod
	github.com/google/pprof@v0.0.0-20250607225305-033d6d78b36a: is marked as explicit in vendor/modules.txt, but not explicitly required in go.mod
	github.com/hashicorp/go-version@v1.7.0: is marked as explicit in vendor/modules.txt, but not explicitly required in go.mod
	github.com/json-iterator/go@v1.1.12: is marked as explicit in vendor/modules.txt, but not explicitly required in go.mod
	github.com/klauspost/compress@v1.18.0: is marked as explicit in vendor/modules.txt, but not explicitly required in go.mod
	github.com/klauspost/cpuid/v2@v2.2.3: is marked as explicit in vendor/modules.txt, but not explicitly required in go.mod
	github.com/linkdata/deadlock@v0.5.5: is marked as explicit in vendor/modules.txt, but not explicitly required in go.mod
	github.com/lufia/plan9stats@v0.0.0-20250317134145-8bc96cf8fc35: is marked as explicit in vendor/modules.txt, but not explicitly required in go.mod
	github.com/minio/simdjson-go@v0.4.5: is marked as explicit in vendor/modules.txt, but not explicitly required in go.mod
	github.com/modern-go/concurrent@v0.0.0-20180306012644-bacd9c7ef1dd: is marked as explicit in vendor/modules.txt, but not explicitly required in go.mod
	github.com/modern-go/reflect2@v1.0.3-0.20250322232337-35a7c28c31ee: is marked as explicit in vendor/modules.txt, but not explicitly required in go.mod
	github.com/outcaste-io/ristretto@v0.2.3: is marked as explicit in vendor/modules.txt, but not explicitly required in go.mod
	github.com/petermattis/goid@v0.0.0-20250813065127-a731cc31b4fe: is marked as explicit in vendor/modules.txt, but not explicitly required in go.mod
	github.com/philhofer/fwd@v1.2.0: is marked as explicit in vendor/modules.txt, but not explicitly required in go.mod
	github.com/planetscale/vtprotobuf@v0.6.1-0.20240319094008-0393e58bdf10: is marked as explicit in vendor/modules.txt, but not explicitly required in go.mod
	github.com/power-devops/perfstat@v0.0.0-20240221224432-82ca36839d55: is marked as explicit in vendor/modules.txt, but not explicitly required in go.mod
	github.com/puzpuzpuz/xsync/v3@v3.5.1: is marked as explicit in vendor/modules.txt, but not explicitly required in go.mod
	github.com/richardartoul/molecule@v1.0.1-0.20240531184615-7ca0df43c0b3: is marked as explicit in vendor/modules.txt, but not explicitly required in go.mod
	github.com/secure-systems-lab/go-securesystemslib@v0.9.0: is marked as explicit in vendor/modules.txt, but not explicitly required in go.mod
	github.com/shirou/gopsutil/v4@v4.25.8-0.20250809033336-ffcdc2b7662f: is marked as explicit in vendor/modules.txt, but not explicitly required in go.mod
	github.com/spaolacci/murmur3@v1.1.0: is marked as explicit in vendor/modules.txt, but not explicitly required in go.mod
	github.com/stretchr/testify@v1.11.1: is marked as explicit in vendor/modules.txt, but not explicitly required in go.mod
	github.com/tinylib/msgp@v1.3.0: is marked as explicit in vendor/modules.txt, but not explicitly required in go.mod
	github.com/tklauser/go-sysconf@v0.3.15: is marked as explicit in vendor/modules.txt, but not explicitly required in go.mod
	github.com/tklauser/numcpus@v0.10.0: is marked as explicit in vendor/modules.txt, but not explicitly required in go.mod
	github.com/trailofbits/go-mutexasserts@v0.0.0-20250514102930-c1f3d2e37561: is marked as explicit in vendor/modules.txt, but not explicitly required in go.mod
	go.opentelemetry.io/collector/component@v1.39.0: is marked as explicit in vendor/modules.txt, but not explicitly required in go.mod
	go.opentelemetry.io/collector/featuregate@v1.46.0: is marked as explicit in vendor/modules.txt, but not explicitly required in go.mod
	go.opentelemetry.io/collector/internal/telemetry@v0.133.0: is marked as explicit in vendor/modules.txt, but not explicitly required in go.mod
	go.opentelemetry.io/collector/pdata@v1.46.0: is marked as explicit in vendor/modules.txt, but not explicitly required in go.mod
	go.opentelemetry.io/collector/pdata/pprofile@v0.140.0: is marked as explicit in vendor/modules.txt, but not explicitly required in go.mod
	go.opentelemetry.io/contrib/bridges/otelzap@v0.12.0: is marked as explicit in vendor/modules.txt, but not explicitly required in go.mod
	go.opentelemetry.io/contrib/instrumentation/net/http/otelhttp@v0.61.0: is marked as explicit in vendor/modules.txt, but not explicitly required in go.mod
	go.opentelemetry.io/otel@v1.38.0: is marked as explicit in vendor/modules.txt, but not explicitly required in go.mod
	go.opentelemetry.io/otel/log@v0.13.0: is marked as explicit in vendor/modules.txt, but not explicitly required in go.mod
	go.opentelemetry.io/otel/metric@v1.38.0: is marked as explicit in vendor/modules.txt, but not explicitly required in go.mod
	go.opentelemetry.io/otel/sdk@v1.38.0: is marked as explicit in vendor/modules.txt, but not explicitly required in go.mod
	go.opentelemetry.io/otel/trace@v1.38.0: is marked as explicit in vendor/modules.txt, but not explicitly required in go.mod
	go.uber.org/atomic@v1.11.0: is marked as explicit in vendor/modules.txt, but not explicitly required in go.mod
	go.uber.org/mock@v0.6.0: is marked as explicit in vendor/modules.txt, but not explicitly required in go.mod
	go.uber.org/multierr@v1.11.0: is marked as explicit in vendor/modules.txt, but not explicitly required in go.mod
	go.uber.org/zap@v1.27.0: is marked as explicit in vendor/modules.txt, but not explicitly required in go.mod
	go.yaml.in/yaml/v3@v3.0.4: is marked as explicit in vendor/modules.txt, but not explicitly required in go.mod
	golang.org/x/exp@v0.0.0-20250408133849-7e4ce0ab07d0: is marked as explicit in vendor/modules.txt, but not explicitly required in go.mod
	golang.org/x/mod@v0.29.0: is marked as explicit in vendor/modules.txt, but not explicitly required in go.mod
	golang.org/x/oauth2@v0.30.0: is marked as explicit in vendor/modules.txt, but not explicitly required in go.mod
	golang.org/x/time@v0.12.0: is marked as explicit in vendor/modules.txt, but not explicitly required in go.mod
	golang.org/x/xerrors@v0.0.0-20240903120638-7835f813f4da: is marked as explicit in vendor/modules.txt, but not explicitly required in go.mod
	google.golang.org/genproto/googleapis/rpc@v0.0.0-20250825161204-c5933d9347a5: is marked as explicit in vendor/modules.txt, but not explicitly required in go.mod
	google.golang.org/protobuf@v1.36.10: is marked as explicit in vendor/modules.txt, but not explicitly required in go.mod
	gopkg.in/ini.v1@v1.67.0: is marked as explicit in vendor/modules.txt, but not explicitly required in go.mod

	To ignore the vendor directory, use -mod=readonly or -mod=mod.
	To sync the vendor directory, run:
		go mod vendor
Traceback (most recent call last):
  File "/Users/matt.spurlin/go/src/github.com/DataDog/azure-log-forwarding-orchestration/scripts/deploy_personal_forwarder_vm.py", line 793, in <module>
    main()
    ~~~~^^
  File "/Users/matt.spurlin/go/src/github.com/DataDog/azure-log-forwarding-orchestration/scripts/deploy_personal_forwarder_vm.py", line 613, in main
    binary_path = build_forwarder_binary(version_tag)
  File "/Users/matt.spurlin/go/src/github.com/DataDog/azure-log-forwarding-orchestration/scripts/deploy_personal_forwarder_vm.py", line 323, in build_forwarder_binary
    run(build_cmd, capture_output=False, env=env)
    ~~~^^^^^^^^^^^^^^^^^^^^^^^^^^^^^^^^^^^^^^^^^^
  File "/Users/matt.spurlin/go/src/github.com/DataDog/azure-log-forwarding-orchestration/scripts/deploy_personal_forwarder_vm.py", line 60, in run
    raise Exception(f"Command failed: {' '.join(cmd)}")
Exception: Command failed: go build -ldflags -s -w -X main.version=efd59289-dirty -o forwarder-linux-amd64-efd59289-dirty cmd/forwarder/forwarder.go
